ID,Preferred Name,Short Name,Unit,Symbol,Definition,Source of Definition
urn:example:conceptDescription:1,Some Concept Description,,,,,
