Asset Administration Shell ID,Submodel ID,Submodel Element,ID-short,Value,Data Type,Content Type,Min,Max,Semantic ID
urn:example:shell:1,urn:example:submodel:1,File,something,https://example.com/something,,text/plain,,,urn:example:cd:1
