<html><head><title>AAS Environment</title></head><body>
<h1>Asset Administration Shells</h1>
<ul><li><a href='shells/dXJuOmV4YW1wbGU6c2hlbGw6MQ'>urn:example:shell:1</a></li></ul>
<h1>Submodels</h1>
<ul><li><a href='submodels/dXJuOmV4YW1wbGU6c3VibW9kZWw6MQ'>urn:example:submodel:1</a></li></ul>
<h1>Concept Descriptions</h1>
<ul><li><a href='conceptDescriptions/dXJuOmV4YW1wbGU6Y29uY2VwdERlc2NyaXB0aW9uOjE'>urn:example:conceptDescription:1</a></li></ul>
</body></html>
