<html>
<head>
<title>
Concept Description urn:example:conceptDescription:1
</title>
</head><body>
<h1>Concept Description urn:example:conceptDescription:1</h1>
<div class='embedded aas-concept-description'>
<div class='property'><!-- Extensions -->
</div>
<div class='property'><!-- Category -->
</div>
<div class='property'><!-- ID-short -->
</div>
<div class='property'><!-- Display name -->
</div>
<div class='property'><!-- Description -->
</div>
<div class='property'><!-- Administration -->
</div>
<div class='property'><!-- ID -->
<div class='label'>
ID
</div>
<div class='str'>
urn:example:conceptDescription:1
</div>
</div>
<div class='property'><!-- Embedded data specifications -->
<div class='label'>
Embedded data specifications
</div>
<div class='list'>

<div class='embedded aas-embedded-data-specification'>
<div class='property'><!-- Data specification -->
<div class='label'>
Data specification
</div>
<div class='embedded aas-reference'>
<div class='property'><!-- Type -->
<div class='label'>
Type
</div>
<div class='enumeration'>
ExternalReference
</div>
</div>
<div class='property'><!-- Referred semantic ID -->
</div>
<div class='property'><!-- Keys -->
<div class='label'>
Keys
</div>
<div class='list'>

<div class='embedded aas-key'>
<div class='property'><!-- Type -->
<div class='label'>
Type
</div>
<div class='enumeration'>
GlobalReference
</div>
</div>
<div class='property'><!-- Value -->
<div class='label'>
Value
</div>
<div class='str'>
urn:example:conceptDescription:1
</div>
</div>
</div>
</div>
</div>
</div>
</div>
<div class='property'><!-- Data specification content -->
<div class='label'>
Data specification content
</div>
<div class='embedded aas-data-specification-iec-61360'>
<div class='property'><!-- Preferred name -->
<div class='label'>
Preferred name
</div>
<div class='list'>

<div class='embedded aas-lang-string-preferred-name-type-iec-61360'>
<div class='property'><!-- Language -->
<div class='label'>
Language
</div>
<div class='str'>
en
</div>
</div>
<div class='property'><!-- Text -->
<div class='label'>
Text
</div>
<div class='str'>
Some Concept Description
</div>
</div>
</div>
</div>
</div>
<div class='property'><!-- Short name -->
</div>
<div class='property'><!-- Unit -->
</div>
<div class='property'><!-- Unit ID -->
</div>
<div class='property'><!-- Source of definition -->
</div>
<div class='property'><!-- Symbol -->
</div>
<div class='property'><!-- Data type -->
</div>
<div class='property'><!-- Definition -->
</div>
<div class='property'><!-- Value format -->
</div>
<div class='property'><!-- Value list -->
</div>
<div class='property'><!-- Value -->
</div>
<div class='property'><!-- Level type -->
</div>
</div>
</div>
</div>
</div>
</div>
<div class='property'><!-- Is case of -->
</div>
</div>
</body>
</html>
