<html><head><title>AAS Environment</title></head><body>
</body></html>
