{
  "assetAdministrationShells": [
    {
      "id": "urn:example:shell:1",
      "assetInformation": {
        "assetKind": "Instance"
      },
      "submodels": [
        {
          "type": "ModelReference",
          "keys": [
            {
              "type": "Submodel",
              "value": "urn:example:submodel:1"
            }
          ]
        }
      ],
      "modelType": "AssetAdministrationShell"
    }
  ],
  "submodels": [
    {
      "id": "urn:example:submodel:1",
      "submodelElements": [
        {
          "idShort": "something",
          "semanticId": {
            "type": "ModelReference",
            "keys": [
              {
                "type": "ConceptDescription",
                "value": "urn:example:conceptDescription:1"
              }
            ]
          },
          "valueType": "xs:int",
          "value": "3",
          "modelType": "Property"
        }
      ],
      "modelType": "Submodel"
    }
  ],
  "conceptDescriptions": [
    {
      "id": "urn:example:conceptDescription:1",
      "embeddedDataSpecifications": [
        {
          "dataSpecification": {
            "type": "ExternalReference",
            "keys": [
              {
                "type": "GlobalReference",
                "value": "urn:example:conceptDescription:1"
              }
            ]
          },
          "dataSpecificationContent": {
            "preferredName": [
              {
                "language": "en",
                "text": "Some Concept Description"
              }
            ],
            "modelType": "DataSpecificationIec61360"
          }
        }
      ],
      "modelType": "ConceptDescription"
    }
  ]
}