{
  "conceptDescriptions": [
    {
      "id": "urn:example:conceptDescription:1",
      "embeddedDataSpecifications": [
        {
          "dataSpecification": {
            "type": "ExternalReference",
            "keys": [
              {
                "type": "GlobalReference",
                "value": "urn:example:conceptDescription:1"
              }
            ]
          },
          "dataSpecificationContent": {
            "preferredName": [
              {
                "language": "en",
                "text": "Some Concept Description"
              }
            ],
            "shortName": [
              {
                "language": "en",
                "text": "someCoDe"
              }
            ],
            "unit": "Pascal",
            "sourceOfDefinition": "Out of my head",
            "symbol": "Pa",
            "definition": [
              {
                "language": "en",
                "text": "This is measured somehow"
              }
            ],
            "modelType": "DataSpecificationIec61360"
          }
        }
      ],
      "modelType": "ConceptDescription"
    }
  ]
}