<html>
<head>
<title>
Asset Administration Shell urn:example:shell:1
</title>
</head><body>
<h1>Asset Administration Shell urn:example:shell:1</h1>
<div class='embedded aas-asset-administration-shell'>
<div class='property'><!-- Extensions -->
</div>
<div class='property'><!-- Category -->
</div>
<div class='property'><!-- ID-short -->
</div>
<div class='property'><!-- Display name -->
</div>
<div class='property'><!-- Description -->
</div>
<div class='property'><!-- Administration -->
</div>
<div class='property'><!-- ID -->
<div class='label'>
ID
</div>
<div class='str'>
urn:example:shell:1
</div>
</div>
<div class='property'><!-- Embedded data specifications -->
</div>
<div class='property'><!-- Derived from -->
</div>
<div class='property'><!-- Asset information -->
<div class='label'>
Asset information
</div>
<div class='embedded aas-asset-information'>
<div class='property'><!-- Asset kind -->
<div class='label'>
Asset kind
</div>
<div class='enumeration'>
Instance
</div>
</div>
<div class='property'><!-- Global asset ID -->
</div>
<div class='property'><!-- Specific asset IDs -->
</div>
<div class='property'><!-- Asset type -->
</div>
<div class='property'><!-- Default thumbnail -->
</div>
</div>
</div>
<div class='property'><!-- Submodels -->
<div class='label'>
Submodels
</div>
<div class='list'>

<a href='../submodels/dXJuOmV4YW1wbGU6c3VibW9kZWw6MQ.html'
>Submodel urn:example:submodel:1</a>
</div>
</div>
</div>
</body>
</html>
