<html>
<head>
<title>
Submodel urn:example:submodel:1
</title>
</head><body>
<h1>Submodel urn:example:submodel:1</h1>
<div class='embedded aas-submodel'>
<div class='property'><!-- Extensions -->
</div>
<div class='property'><!-- Category -->
</div>
<div class='property'><!-- ID-short -->
</div>
<div class='property'><!-- Display name -->
</div>
<div class='property'><!-- Description -->
</div>
<div class='property'><!-- Administration -->
</div>
<div class='property'><!-- ID -->
<div class='label'>
ID
</div>
<div class='str'>
urn:example:submodel:1
</div>
</div>
<div class='property'><!-- Kind -->
</div>
<div class='property'><!-- Semantic ID -->
</div>
<div class='property'><!-- Supplemental semantic IDs -->
</div>
<div class='property'><!-- Qualifiers -->
</div>
<div class='property'><!-- Embedded data specifications -->
</div>
<div class='property'><!-- Submodel elements -->
<div class='label'>
Submodel elements
</div>
<div class='list'>

<div class='embedded aas-property'>
<div class='property'><!-- Extensions -->
</div>
<div class='property'><!-- Category -->
</div>
<div class='property'><!-- ID-short -->
<div class='label'>
ID-short
</div>
<div class='str'>
something
</div>
</div>
<div class='property'><!-- Display name -->
</div>
<div class='property'><!-- Description -->
</div>
<div class='property'><!-- Semantic ID -->
<div class='label'>
Semantic ID
</div>
<a href='../conceptDescriptions/dXJuOmV4YW1wbGU6Y29uY2VwdERlc2NyaXB0aW9uOjE.html'
>Concept Description urn:example:conceptDescription:1</a>
</div>
<div class='property'><!-- Supplemental semantic IDs -->
</div>
<div class='property'><!-- Qualifiers -->
</div>
<div class='property'><!-- Embedded data specifications -->
</div>
<div class='property'><!-- Value type -->
<div class='label'>
Value type
</div>
<div class='enumeration'>
xs:int
</div>
</div>
<div class='property'><!-- Value -->
<div class='label'>
Value
</div>
<div class='str'>
3
</div>
</div>
<div class='property'><!-- Value ID -->
</div>
</div>
</div>
</div>
</div>
</body>
</html>
