Asset Administration Shell ID,Submodel ID,Submodel Element,ID-short,Value,Data Type,Content Type,Min,Max,Semantic ID
